// Jest Snapshot v1, https://goo.gl/fbAQLP

exports[`Entity Object scenario matches snapshot 1`] = `
Object {
  "card": Object {
    "log_id": "search_object",
    "states": Array [
      Object {
        "div": Object {
          "height": Object {
            "type": "match_parent",
            "weight": 1,
          },
          "items": Array [
            Object {
              "background": Array [
                Object {
                  "color": "#121316",
                  "type": "solid",
                },
              ],
              "height": Object {
                "type": "match_parent",
              },
              "item_spacing": 0,
              "items": Array [
                Object {
                  "content_alignment_vertical": "top",
                  "height": Object {
                    "type": "wrap_content",
                  },
                  "items": Array [
                    Object {
                      "border": Object {
                        "corner_radius": 150,
                      },
                      "height": Object {
                        "type": "fixed",
                        "value": 88,
                      },
                      "image_url": "https://avatars.mds.yandex.net/get-entity_search/2048976/478239945/S120x120",
                      "margins": Object {
                        "right": 32,
                      },
                      "type": "image",
                      "width": Object {
                        "type": "fixed",
                        "value": 88,
                      },
                    },
                    Object {
                      "font_size": 72,
                      "font_weight": "medium",
                      "height": Object {
                        "type": "wrap_content",
                      },
                      "line_height": 88,
                      "text": "Сергей Шойгу",
                      "text_color": "#fff",
                      "type": "text",
                      "width": Object {
                        "type": "wrap_content",
                      },
                    },
                  ],
                  "margins": Object {
                    "bottom": 32,
                    "left": 48,
                    "right": 48,
                  },
                  "orientation": "horizontal",
                  "type": "container",
                  "width": Object {
                    "type": "wrap_content",
                  },
                },
                Object {
                  "height": Object {
                    "type": "wrap_content",
                  },
                  "items": Array [
                    Object {
                      "font_size": 40,
                      "font_weight": "regular",
                      "height": Object {
                        "type": "wrap_content",
                      },
                      "line_height": 56,
                      "text": "Советский и российский государственный деятель, российский военный. Министр обороны Российской Федерации с 6 ноября 2012 года. Генерал армии. Герой Российской Федерации. Заслуженный спасатель Российской Федерации. Член Высшего совета партии «Единая Россия».",
                      "text_color": "#e6ffffff",
                      "type": "text",
                      "width": Object {
                        "type": "wrap_content",
                      },
                    },
                  ],
                  "margins": Object {
                    "bottom": 16,
                    "left": 48,
                    "right": 48,
                  },
                  "orientation": "horizontal",
                  "type": "container",
                  "width": Object {
                    "type": "wrap_content",
                  },
                },
                Object {
                  "height": Object {
                    "type": "wrap_content",
                  },
                  "items": Array [
                    Object {
                      "font_size": 32,
                      "font_weight": "medium",
                      "height": Object {
                        "type": "wrap_content",
                      },
                      "line_height": 40,
                      "text": "ru.wikipedia.org",
                      "text_color": "#80ffffff",
                      "type": "text",
                      "width": Object {
                        "type": "wrap_content",
                      },
                    },
                  ],
                  "margins": Object {
                    "bottom": 40,
                    "left": 48,
                    "right": 48,
                  },
                  "orientation": "horizontal",
                  "type": "container",
                  "width": Object {
                    "type": "wrap_content",
                  },
                },
                Object {
                  "height": Object {
                    "type": "wrap_content",
                  },
                  "item_spacing": 28,
                  "items": Array [
                    Object {
                      "border": Object {
                        "corner_radius": 20,
                      },
                      "height": Object {
                        "type": "fixed",
                        "value": 366,
                      },
                      "image_url": "https://avatars.mds.yandex.net/i?id=57077838b1e87db79dd481d75280393f-4935650-images-thumbs&ref=oo_serp&n=13",
                      "placeholder_color": "#ccc",
                      "type": "image",
                      "width": Object {
                        "type": "fixed",
                        "value": 366,
                      },
                    },
                    Object {
                      "border": Object {
                        "corner_radius": 20,
                      },
                      "height": Object {
                        "type": "fixed",
                        "value": 366,
                      },
                      "image_url": "https://avatars.mds.yandex.net/i?id=107e6431697f675bd48eb4fd076a739e-5849607-images-thumbs&ref=oo_serp&n=13",
                      "placeholder_color": "#ccc",
                      "type": "image",
                      "width": Object {
                        "type": "fixed",
                        "value": 366,
                      },
                    },
                    Object {
                      "border": Object {
                        "corner_radius": 20,
                      },
                      "height": Object {
                        "type": "fixed",
                        "value": 366,
                      },
                      "image_url": "https://avatars.mds.yandex.net/i?id=551fda7fd5dae006024e01de3c45abc3-5827319-images-thumbs&ref=oo_serp&n=13",
                      "placeholder_color": "#ccc",
                      "type": "image",
                      "width": Object {
                        "type": "fixed",
                        "value": 366,
                      },
                    },
                    Object {
                      "border": Object {
                        "corner_radius": 20,
                      },
                      "height": Object {
                        "type": "fixed",
                        "value": 366,
                      },
                      "image_url": "https://avatars.mds.yandex.net/i?id=f264702fa8f6e5bc4402a6a0e3801e8a-4034704-images-thumbs&ref=oo_serp&n=13",
                      "placeholder_color": "#ccc",
                      "type": "image",
                      "width": Object {
                        "type": "fixed",
                        "value": 366,
                      },
                    },
                    Object {
                      "border": Object {
                        "corner_radius": 20,
                      },
                      "height": Object {
                        "type": "fixed",
                        "value": 366,
                      },
                      "image_url": "https://avatars.mds.yandex.net/i?id=a9ab9de1ff86c2443ae52a6f87e0bbc9-5905309-images-thumbs&ref=oo_serp&n=13",
                      "placeholder_color": "#ccc",
                      "type": "image",
                      "width": Object {
                        "type": "fixed",
                        "value": 366,
                      },
                    },
                    Object {
                      "border": Object {
                        "corner_radius": 20,
                      },
                      "height": Object {
                        "type": "fixed",
                        "value": 366,
                      },
                      "image_url": "https://avatars.mds.yandex.net/i?id=f93726267a6c2762c0e45910d79e7a98-5259114-images-thumbs&ref=oo_serp&n=13",
                      "placeholder_color": "#ccc",
                      "type": "image",
                      "width": Object {
                        "type": "fixed",
                        "value": 366,
                      },
                    },
                    Object {
                      "border": Object {
                        "corner_radius": 20,
                      },
                      "height": Object {
                        "type": "fixed",
                        "value": 366,
                      },
                      "image_url": "https://avatars.mds.yandex.net/i?id=9cba55dc901856709675cfd321f962ec-5896417-images-thumbs&ref=oo_serp&n=13",
                      "placeholder_color": "#ccc",
                      "type": "image",
                      "width": Object {
                        "type": "fixed",
                        "value": 366,
                      },
                    },
                    Object {
                      "border": Object {
                        "corner_radius": 20,
                      },
                      "height": Object {
                        "type": "fixed",
                        "value": 366,
                      },
                      "image_url": "https://avatars.mds.yandex.net/i?id=6acac7464255affa370b67e7d7e0fe25-5485004-images-thumbs&ref=oo_serp&n=13",
                      "placeholder_color": "#ccc",
                      "type": "image",
                      "width": Object {
                        "type": "fixed",
                        "value": 366,
                      },
                    },
                  ],
                  "paddings": Object {
                    "left": 48,
                    "right": 48,
                  },
                  "type": "gallery",
                  "width": Object {
                    "type": "wrap_content",
                  },
                },
                Object {
                  "item_spacing": 24,
                  "items": Array [],
                  "type": "gallery",
                },
              ],
              "orientation": "vertical",
              "paddings": Object {
                "bottom": 48,
                "top": 176,
              },
              "type": "gallery",
              "width": Object {
                "type": "wrap_content",
              },
            },
            Object {
              "alignment_horizontal": "right",
              "alignment_vertical": "top",
              "items": Array [
                Object {
                  "actions": Array [
                    Object {
                      "log_id": "close_fullscreen",
                      "url": "centaur://local_command?local_commands=[%7B%22command%22%3A%22close_layer%22%2C%22layer%22%3A%22DIALOG%22%2C%22stop_conversation%22%3Atrue%7D]",
                    },
                  ],
                  "alignment_horizontal": "right",
                  "background": Array [
                    Object {
                      "color": "#1affffff",
                      "type": "solid",
                    },
                  ],
                  "border": Object {
                    "corner_radius": 20,
                  },
                  "height": Object {
                    "type": "fixed",
                    "value": 88,
                  },
                  "image_url": "https://yastatic.net/s3/dialogs/smart_displays/icons/close_wt_border.png",
                  "margins": Object {
                    "right": 36,
                    "top": 36,
                  },
                  "paddings": Object {
                    "bottom": 22,
                    "left": 22,
                    "right": 22,
                    "top": 22,
                  },
                  "preload_required": 1,
                  "scale": "fill",
                  "type": "image",
                  "width": Object {
                    "type": "fixed",
                    "value": 88,
                  },
                },
              ],
              "type": "container",
            },
          ],
          "orientation": "overlap",
          "type": "container",
          "width": Object {
            "type": "match_parent",
            "weight": 1,
          },
        },
        "state_id": 0,
      },
    ],
  },
  "templates": Object {},
}
`;
