// Jest Snapshot v1, https://goo.gl/fbAQLP

exports[`BigImageSkill should equal snapshot 1`] = `
Object {
  "card": Object {
    "log_id": "skill_card",
    "states": Array [
      Object {
        "div": Object {
          "background": Array [
            Object {
              "color": "#121316",
              "type": "solid",
            },
          ],
          "height": Object {
            "type": "match_parent",
          },
          "items": Array [
            Object {
              "height": Object {
                "type": "fixed",
                "value": 880,
              },
              "items": Array [
                Object {
                  "border": Object {
                    "corner_radius": 28,
                  },
                  "image_url": "https://avatars.mds.yandex.net/get-dialogs-skill-card/937455/eed017c000a2aab9ed6f/one-x4",
                  "margins": Object {
                    "bottom": 32,
                    "left": 48,
                    "right": 48,
                  },
                  "type": "image",
                  "width": Object {
                    "type": "fixed",
                    "value": 554,
                  },
                },
                Object {
                  "font_size": 44,
                  "font_weight": "regular",
                  "line_height": 52,
                  "margins": Object {
                    "left": 48,
                    "right": 48,
                  },
                  "text": "Историческая мозаика (7+)

Квест в формате экскурсионной прогулки проходит по центру Петербурга, от Екатерининского сада до Невского проспекта. Вы сможете посетить самые интересные места, а мои головоломки позволят погрузиться в историю города. Подойдет как для туристов, так и для жителей города.",
                  "text_color": "#e6ffffff",
                  "type": "text",
                },
                Object {
                  "item_spacing": 24,
                  "items": Array [
                    Object {
                      "background": Array [
                        Object {
                          "color": "#fff",
                          "type": "solid",
                        },
                      ],
                      "border": Object {
                        "corner_radius": 28,
                      },
                      "height": Object {
                        "type": "wrap_content",
                      },
                      "items": Array [
                        Object {
                          "action": Object {
                            "log_id": "button_list_button",
                            "url": "dialog://text_command?query=Подробное описание",
                          },
                          "font_size": 44,
                          "font_weight": "regular",
                          "line_height": 52,
                          "text": "Подробное описание",
                          "text_color": "#121316",
                          "type": "text",
                        },
                      ],
                      "orientation": "horizontal",
                      "paddings": Object {
                        "bottom": 29,
                        "left": 40,
                        "right": 40,
                        "top": 29,
                      },
                      "type": "container",
                      "width": Object {
                        "type": "wrap_content",
                      },
                    },
                    Object {
                      "background": Array [
                        Object {
                          "color": "#fff",
                          "type": "solid",
                        },
                      ],
                      "border": Object {
                        "corner_radius": 28,
                      },
                      "height": Object {
                        "type": "wrap_content",
                      },
                      "items": Array [
                        Object {
                          "action": Object {
                            "log_id": "button_list_button",
                            "url": "dialog://text_command?query=Начать квест",
                          },
                          "font_size": 44,
                          "font_weight": "regular",
                          "line_height": 52,
                          "text": "Начать квест",
                          "text_color": "#121316",
                          "type": "text",
                        },
                      ],
                      "orientation": "horizontal",
                      "paddings": Object {
                        "bottom": 29,
                        "left": 40,
                        "right": 40,
                        "top": 29,
                      },
                      "type": "container",
                      "width": Object {
                        "type": "wrap_content",
                      },
                    },
                  ],
                  "margins": Object {
                    "top": 48,
                  },
                  "orientation": "horizontal",
                  "paddings": Object {
                    "left": 48,
                    "right": 48,
                  },
                  "type": "gallery",
                },
              ],
              "orientation": "vertical",
              "paddings": Object {
                "bottom": 162,
                "top": 184,
              },
              "type": "gallery",
            },
            Object {
              "alignment_horizontal": "left",
              "alignment_vertical": "top",
              "background": Array [
                Object {
                  "angle": 270,
                  "colors": Array [
                    "#e6000000",
                    "#a0050607",
                    "#00121316",
                  ],
                  "type": "gradient",
                },
              ],
              "content_alignment_vertical": "center",
              "items": Array [
                Object {
                  "border": Object {
                    "corner_radius": 44,
                  },
                  "height": Object {
                    "type": "fixed",
                    "value": 88,
                  },
                  "image_url": "https://avatars.mds.yandex.net/get-dialogs/998463/ce24f9c3c26fd8375668/mobile-logo-x4",
                  "margins": Object {
                    "right": 32,
                  },
                  "type": "image",
                  "width": Object {
                    "type": "fixed",
                    "value": 88,
                  },
                },
                Object {
                  "font_size": 40,
                  "font_weight": "medium",
                  "line_height": 56,
                  "text": "Мистический Петербург",
                  "text_color": "#88898A",
                  "type": "text",
                },
                Object {
                  "actions": Array [
                    Object {
                      "log_id": "action_close_skill",
                      "url": "dialog://?directives=%5B%7B%22type%22%3A%22server_action%22%2C%22name%22%3A%22%40%40mm_semantic_frame%22%2C%22payload%22%3A%7B%22typed_semantic_frame%22%3A%7B%22external_skill_force_deactivate_semantic_frame%22%3A%7B%22dialog_id%22%3A%7B%22string_value%22%3A%22%22%7D%2C%22silent_response%22%3A%7B%22bool_value%22%3Atrue%7D%7D%7D%2C%22analytics%22%3A%7B%22product_scenario%22%3A%22Dialogovo%22%2C%22origin%22%3A%22alice.external_skill_force_deactivate%22%2C%22purpose%22%3A%22SmartSpeaker%22%7D%2C%22params%22%3A%7B%22disable_output_speech%22%3Atrue%2C%22disable_should_listen%22%3Atrue%7D%7D%7D%5D",
                    },
                    Object {
                      "log_id": "close_fullscreen",
                      "url": "centaur://local_command?local_commands=[%7B%22command%22%3A%22close_layer%22%2C%22layer%22%3A%22DIALOG%22%2C%22stop_conversation%22%3Atrue%7D]",
                    },
                    Object {
                      "log_id": "close_fullscreen",
                      "url": "centaur://local_command?local_commands=[%7B%22command%22%3A%22close_layer%22%2C%22layer%22%3A%22DIALOG%22%2C%22stop_conversation%22%3Atrue%7D]",
                    },
                  ],
                  "alignment_horizontal": "right",
                  "background": Array [
                    Object {
                      "color": "#1affffff",
                      "type": "solid",
                    },
                  ],
                  "border": Object {
                    "corner_radius": 20,
                  },
                  "height": Object {
                    "type": "fixed",
                    "value": 88,
                  },
                  "image_url": "https://yastatic.net/s3/dialogs/smart_displays/icons/close_wt_border.png",
                  "paddings": Object {
                    "bottom": 22,
                    "left": 22,
                    "right": 22,
                    "top": 22,
                  },
                  "preload_required": 1,
                  "scale": "fill",
                  "type": "image",
                  "width": Object {
                    "type": "fixed",
                    "value": 88,
                  },
                },
              ],
              "orientation": "horizontal",
              "paddings": Object {
                "bottom": 48,
                "left": 48,
                "right": 48,
                "top": 48,
              },
              "type": "container",
            },
            Object {
              "alignment_horizontal": "left",
              "alignment_vertical": "bottom",
              "background": Array [
                Object {
                  "angle": 90,
                  "colors": Array [
                    "#e6000000",
                    "#a0050607",
                    "#00121316",
                  ],
                  "type": "gradient",
                },
              ],
              "item_spacing": 24,
              "items": Array [
                Object {
                  "actions": Array [
                    Object {
                      "log_id": "dialog://text_command?query=Меню",
                      "url": "dialog://text_command?query=%D0%9C%D0%B5%D0%BD%D1%8E",
                    },
                  ],
                  "background": Array [
                    Object {
                      "color": "#292A2D",
                      "type": "solid",
                    },
                  ],
                  "border": Object {
                    "corner_radius": 33,
                  },
                  "font_size": 36,
                  "font_weight": "medium",
                  "height": Object {
                    "type": "wrap_content",
                  },
                  "line_height": 46,
                  "paddings": Object {
                    "bottom": 13,
                    "left": 24,
                    "right": 24,
                    "top": 13,
                  },
                  "text": "Меню",
                  "text_color": "#fff",
                  "type": "text",
                  "width": Object {
                    "type": "wrap_content",
                  },
                },
                Object {
                  "actions": Array [
                    Object {
                      "log_id": "dialog://text_command?query=Все квесты",
                      "url": "dialog://text_command?query=%D0%92%D1%81%D0%B5%20%D0%BA%D0%B2%D0%B5%D1%81%D1%82%D1%8B",
                    },
                  ],
                  "background": Array [
                    Object {
                      "color": "#292A2D",
                      "type": "solid",
                    },
                  ],
                  "border": Object {
                    "corner_radius": 33,
                  },
                  "font_size": 36,
                  "font_weight": "medium",
                  "height": Object {
                    "type": "wrap_content",
                  },
                  "line_height": 46,
                  "paddings": Object {
                    "bottom": 13,
                    "left": 24,
                    "right": 24,
                    "top": 13,
                  },
                  "text": "Все квесты",
                  "text_color": "#fff",
                  "type": "text",
                  "width": Object {
                    "type": "wrap_content",
                  },
                },
                Object {
                  "actions": Array [
                    Object {
                      "log_id": "dialog://text_command?query=Мои квесты",
                      "url": "dialog://text_command?query=%D0%9C%D0%BE%D0%B8%20%D0%BA%D0%B2%D0%B5%D1%81%D1%82%D1%8B",
                    },
                  ],
                  "background": Array [
                    Object {
                      "color": "#292A2D",
                      "type": "solid",
                    },
                  ],
                  "border": Object {
                    "corner_radius": 33,
                  },
                  "font_size": 36,
                  "font_weight": "medium",
                  "height": Object {
                    "type": "wrap_content",
                  },
                  "line_height": 46,
                  "paddings": Object {
                    "bottom": 13,
                    "left": 24,
                    "right": 24,
                    "top": 13,
                  },
                  "text": "Мои квесты",
                  "text_color": "#fff",
                  "type": "text",
                  "width": Object {
                    "type": "wrap_content",
                  },
                },
                Object {
                  "actions": Array [
                    Object {
                      "log_id": "dialog://text_command?query=Авторизация",
                      "url": "dialog://text_command?query=%D0%90%D0%B2%D1%82%D0%BE%D1%80%D0%B8%D0%B7%D0%B0%D1%86%D0%B8%D1%8F",
                    },
                  ],
                  "background": Array [
                    Object {
                      "color": "#292A2D",
                      "type": "solid",
                    },
                  ],
                  "border": Object {
                    "corner_radius": 33,
                  },
                  "font_size": 36,
                  "font_weight": "medium",
                  "height": Object {
                    "type": "wrap_content",
                  },
                  "line_height": 46,
                  "paddings": Object {
                    "bottom": 13,
                    "left": 24,
                    "right": 24,
                    "top": 13,
                  },
                  "text": "Авторизация",
                  "text_color": "#fff",
                  "type": "text",
                  "width": Object {
                    "type": "wrap_content",
                  },
                },
              ],
              "paddings": Object {
                "bottom": 48,
                "left": 48,
                "right": 48,
              },
              "type": "gallery",
            },
          ],
          "orientation": "overlap",
          "type": "container",
          "width": Object {
            "type": "match_parent",
          },
        },
        "state_id": 0,
      },
    ],
  },
  "templates": Object {},
}
`;
