// Jest Snapshot v1, https://goo.gl/fbAQLP

exports[`Main screen empty card should match snapshot 1`] = `
Object {
  "background": Array [
    Object {
      "color": "#1aeaf6ec",
      "type": "solid",
    },
  ],
  "border": Object {
    "corner_radius": 28,
  },
  "height": Object {
    "type": "match_parent",
    "weight": 1,
  },
  "id": "main_screen_card_0_0",
  "items": Array [
    Object {
      "items": Array [
        Object {
          "font_size": 32,
          "font_weight": "medium",
          "line_height": 40,
          "text": "Ошибка",
          "text_color": "#80ffffff",
          "type": "text",
        },
      ],
      "orientation": "horizontal",
      "type": "container",
    },
    Object {
      "delimiter_style": Object {
        "color": "#0fff",
      },
      "height": Object {
        "type": "match_parent",
      },
      "type": "separator",
    },
    Object {
      "font_size": 28,
      "font_weight": "medium",
      "line_height": 36,
      "text": "Что-то пошло не так. Проверьте интернет или обновите экран",
      "text_color": "#80ffffff",
      "type": "text",
    },
  ],
  "paddings": Object {
    "bottom": 24,
    "left": 24,
    "right": 24,
    "top": 24,
  },
  "type": "container",
  "width": Object {
    "type": "match_parent",
    "weight": 1,
  },
}
`;
