// Jest Snapshot v1, https://goo.gl/fbAQLP

exports[`example matches snapshot 1`] = `
Object {
  "card": Object {
    "log_id": "example_card",
    "states": Array [
      Object {
        "div": Object {
          "items": Array [
            Object {
              "hello": "world",
              "type": "greetings",
            },
          ],
          "type": "container",
        },
        "state_id": 0,
      },
    ],
    "variable_triggers": Array [],
    "variables": Array [],
  },
  "templates": Object {
    "greetings": Object {
      "$text": "hello",
      "text_color": "#ff0",
      "type": "text",
    },
  },
}
`;
