{
  "response": {
    "text": "<censored> ты че совсем <censored>",
    "tts": "<speaker audio=\"beep_mat_1.opus\"> ты че совсем <speaker audio=\"beep_mat_1.opus\">",
    "end_session": false,
    "card": {
      "type": "ItemsList",
      "header": {
        "text": "<censored> ты че совсем <censored>"
      },
      "items": [
        {
          "image_id": "1652229/16b371e1747fa842018d",
          "title": "<censored> ты че совсем <censored>",
          "description": "<censored> ты че совсем <censored>",
          "button": {
            "text": "<censored> ты че совсем <censored>",
            "url": "http://example.com/",
            "payload": {
              "text": "блять ты че совсем охуел"
            }
          }
        },
        {
          "image_id": "1652229/16b371e1747fa842018d",
          "title": "<censored> ты че совсем <censored>",
          "description": "<censored> ты че совсем <censored>",
          "button": {
            "text": "<censored> ты че совсем <censored>",
            "url": "http://example.com/",
            "payload": {}
          }
        }
      ],
      "footer": {
        "text": "<censored> ты че совсем <censored>",
        "button": {
          "text": "<censored> ты че совсем <censored>",
          "url": "https://example.com/",
          "payload": {}
        }
      }
    }
  },
  "version": "1.0"
}
