{
  "response": {
    "text": "<censored> ты че совсем <censored>",
    "tts": "<speaker audio=\"beep_mat_1.opus\"> ты че совсем <speaker audio=\"beep_mat_1.opus\">",
    "end_session": false,
    "buttons": [
      {
        "title": "<censored> ты че совсем <censored>",
        "payload": {
          "text": "блять ты че совсем охуел"
        },
        "hide": false,
        "url": "https://example.com/"
      },
      {
        "title": "<censored> ты че совсем <censored>",
        "payload": {
          "text": "блять ты че совсем охуел"
        },
        "hide": true,
        "url": "https://example.com/"
      }
    ]
  },
  "version": "1.0"
}
